// Jest Snapshot v1, https://goo.gl/fbAQLP

exports[`MemoryNode description node with children serializes to JSON consistently 1`] = `
"{
  "address": "3a15a6c96665931b76c1d2a587ea1132dbfdc266",
  "queries": [
    "network.xyo.query.node.attach",
    "network.xyo.query.node.detach",
    "network.xyo.query.module.discover",
    "network.xyo.query.module.subscribe"
  ],
  "children": [
    {
      "address": "b3bbeb946d88cd5fe70146a6bb276c7b384f6582",
      "queries": [
        "network.xyo.query.archivist.all",
        "network.xyo.query.archivist.delete",
        "network.xyo.query.archivist.clear",
        "network.xyo.query.archivist.find",
        "network.xyo.query.archivist.commit",
        "network.xyo.query.archivist.get",
        "network.xyo.query.archivist.insert",
        "network.xyo.query.module.discover",
        "network.xyo.query.module.subscribe"
      ]
    },
    {
      "address": "ca2e94ac3ae1084072b3a4407881bf940dc2019c",
      "queries": [
        "network.xyo.query.archivist.all",
        "network.xyo.query.archivist.delete",
        "network.xyo.query.archivist.clear",
        "network.xyo.query.archivist.find",
        "network.xyo.query.archivist.commit",
        "network.xyo.query.archivist.get",
        "network.xyo.query.archivist.insert",
        "network.xyo.query.module.discover",
        "network.xyo.query.module.subscribe"
      ]
    }
  ]
}"
`;

exports[`MemoryNode description node with nested node and children serializes to JSON consistently 1`] = `
"{
  "address": "3a15a6c96665931b76c1d2a587ea1132dbfdc266",
  "queries": [
    "network.xyo.query.node.attach",
    "network.xyo.query.node.detach",
    "network.xyo.query.module.discover",
    "network.xyo.query.module.subscribe"
  ],
  "children": [
    {
      "address": "f59810a9da8a99e464355a411afe06f8c2d1c4b8",
      "queries": [
        "network.xyo.query.archivist.all",
        "network.xyo.query.archivist.delete",
        "network.xyo.query.archivist.clear",
        "network.xyo.query.archivist.find",
        "network.xyo.query.archivist.commit",
        "network.xyo.query.archivist.get",
        "network.xyo.query.archivist.insert",
        "network.xyo.query.module.discover",
        "network.xyo.query.module.subscribe"
      ]
    },
    {
      "address": "b3bbeb946d88cd5fe70146a6bb276c7b384f6582",
      "queries": [
        "network.xyo.query.node.attach",
        "network.xyo.query.node.detach",
        "network.xyo.query.module.discover",
        "network.xyo.query.module.subscribe"
      ],
      "children": [
        {
          "address": "ca2e94ac3ae1084072b3a4407881bf940dc2019c",
          "queries": [
            "network.xyo.query.archivist.all",
            "network.xyo.query.archivist.delete",
            "network.xyo.query.archivist.clear",
            "network.xyo.query.archivist.find",
            "network.xyo.query.archivist.commit",
            "network.xyo.query.archivist.get",
            "network.xyo.query.archivist.insert",
            "network.xyo.query.module.discover",
            "network.xyo.query.module.subscribe"
          ]
        }
      ]
    }
  ]
}"
`;

exports[`MemoryNode description node without children serializes to JSON consistently 1`] = `
"{
  "address": "3a15a6c96665931b76c1d2a587ea1132dbfdc266",
  "queries": [
    "network.xyo.query.node.attach",
    "network.xyo.query.node.detach",
    "network.xyo.query.module.discover",
    "network.xyo.query.module.subscribe"
  ],
  "children": []
}"
`;
